// Jest Snapshot v1, https://goo.gl/fbAQLP

exports[`collect should throw an error about different defaults 1`] = `
Encountered different default translations for message msg.id
diffDefaults/First.js:2 First default
diffDefaults/Second.js:5 Second default
`;

exports[`collect should traverse directory and collect messages 1`] = `
Object {
  Babel Documentation: Object {
    message: Babel Documentation,
    origin: Array [
      Array [
        src/components/Babel.js,
        5,
      ],
    ],
  },
  Label: Object {
    message: Label,
    origin: Array [
      Array [
        src/components/Babel.js,
        7,
      ],
      Array [
        src/components/Typescript.ts,
        7,
      ],
    ],
  },
  Typescript Documentation: Object {
    message: Typescript Documentation,
    origin: Array [
      Array [
        src/components/Typescript.ts,
        5,
      ],
    ],
  },
}
`;

exports[`collect should use defined default 1`] = `
Object {
  msg.id: Object {
    message: Second default,
    origin: Array [
      Array [
        onlyOneDefault/First.js,
        2,
      ],
      Array [
        onlyOneDefault/Second.js,
        5,
      ],
    ],
  },
}
`;
