// Jest Snapshot v1, https://goo.gl/fbAQLP

exports[`#1 1`] = `
import { t, selectOrdinal } from "@lingui/core/macro";
t\`This is my \${selectOrdinal(count, {
  one: "#st",
  two: \`#nd\`,
  other: "#rd",
})} cat\`;

↓ ↓ ↓ ↓ ↓ ↓

import { i18n as _i18n } from "@lingui/core";
_i18n._(
  /*i18n*/
  {
    id: "dJXd3T",
    message:
      "This is my {count, selectordinal, one {#st} two {#nd} other {#rd}} cat",
    values: {
      count: count,
    },
  }
);

`;
