// Jest Snapshot v1, https://goo.gl/fbAQLP

exports[`js.macro formats format must be either string, variable or object with custom format 1`] = `packages/js.macro/test/fixtures/t/actual.js: @lingui/js.macro: Format can be either string for buil-in formats, variable or object for custom defined formats. Learn more: https://www.npmjs.com/package/@lingui`;

exports[`js.macro formats value is missing 1`] = `packages/js.macro/test/fixtures/t/actual.js: @lingui/js.macro: The first argument of format function must be a variable. Learn more: https://www.npmjs.com/package/@lingui`;

exports[`js.macro validation plural/select/selectordinal offset must be number or string, not variable 1`] = `packages/js.macro/test/fixtures/t/actual.js: @lingui/js.macro: Offset argument cannot be a variable. Learn more: https://www.npmjs.com/package/@lingui`;

exports[`js.macro validation plural/select/selectordinal plural forms are missing 1`] = `packages/js.macro/test/fixtures/t/actual.js: @lingui/js.macro: Missing plural choices. At least fallback argument 'other' is required. Learn more: https://www.npmjs.com/package/@lingui`;

exports[`js.macro validation plural/select/selectordinal plural forms are missing 2`] = `packages/js.macro/test/fixtures/t/actual.js: @lingui/js.macro: Missing plural choices. At least fallback argument 'other' is required. Learn more: https://www.npmjs.com/package/@lingui`;

exports[`js.macro validation plural/select/selectordinal plural forms are missing 3`] = `packages/js.macro/test/fixtures/t/actual.js: @lingui/js.macro: Missing plural choices. At least fallback argument 'other' is required. Learn more: https://www.npmjs.com/package/@lingui`;

exports[`js.macro validation plural/select/selectordinal plural forms cannot be variables 1`] = `packages/js.macro/test/fixtures/t/actual.js: @lingui/js.macro: Computed properties aren't allowed. Learn more: https://www.npmjs.com/package/@lingui`;

exports[`js.macro validation plural/select/selectordinal plural forms missing fallback 1`] = `packages/js.macro/test/fixtures/t/actual.js: @lingui/js.macro: Missing fallback argument 'other'. Learn more: https://www.npmjs.com/package/@lingui`;

exports[`js.macro validation plural/select/selectordinal plural forms missing fallback 2`] = `packages/js.macro/test/fixtures/t/actual.js: @lingui/js.macro: Missing fallback argument 'other'. Learn more: https://www.npmjs.com/package/@lingui`;

exports[`js.macro validation plural/select/selectordinal plural forms missing fallback 3`] = `packages/js.macro/test/fixtures/t/actual.js: @lingui/js.macro: Missing fallback argument 'other'. Learn more: https://www.npmjs.com/package/@lingui`;

exports[`js.macro validation plural/select/selectordinal plural rules must be valid 1`] = `packages/js.macro/test/fixtures/t/actual.js: @lingui/js.macro: Invalid plural rule 'three'. Must be zero, one, two, few, many, other or exact number depending on your source language ('one' and 'other' for English). Learn more: https://www.npmjs.com/package/@lingui`;

exports[`js.macro validation plural/select/selectordinal plural rules must be valid 2`] = `packages/js.macro/test/fixtures/t/actual.js: @lingui/js.macro: Invalid plural rule 'three'. Must be zero, one, two, few, many, other or exact number depending on your source language ('one' and 'other' for English). Learn more: https://www.npmjs.com/package/@lingui`;

exports[`js.macro validation plural/select/selectordinal value is missing 1`] = `packages/js.macro/test/fixtures/t/actual.js: @lingui/js.macro: Value argument is missing. Learn more: https://www.npmjs.com/package/@lingui`;
