// Jest Snapshot v1, https://goo.gl/fbAQLP

exports[`po-gettext format convertPluralsToIco handle correctly locales with 4-letter 1`] = `
{
  WGI12K: {
    comments: [],
    context: null,
    extra: {
      flags: [],
      translatorComments: [],
    },
    message: {anotherCount, plural, one {Singular case} other {Case number {anotherCount}}},
    obsolete: false,
    origin: [],
    translation: {anotherCount, plural, one {Singular case} other {Case number {anotherCount}}},
  },
  jO/SBZ: {
    comments: [],
    context: null,
    extra: {
      flags: [],
      translatorComments: [],
    },
    message: {count, plural, one {Singular} other {Plural}},
    obsolete: false,
    origin: [],
    translation: ,
  },
  message_with_id: {
    comments: [
      js-lingui-explicit-id,
    ],
    context: null,
    extra: {
      flags: [],
      translatorComments: [],
    },
    obsolete: false,
    origin: [],
    translation: {someCount, plural, one {Singular case} other {Case number {someCount}}},
  },
  message_with_id_but_without_translation: {
    comments: [
      Comment made by the developers.,
      js-lingui-explicit-id,
    ],
    context: null,
    extra: {
      flags: [],
      translatorComments: [],
    },
    obsolete: false,
    origin: [],
    translation: ,
  },
}
`;

exports[`po-gettext format should convert ICU plural messages to gettext plurals 1`] = `
msgid ""
msgstr ""
"POT-Creation-Date: 2018-08-27 10:00+0000\\n"
"MIME-Version: 1.0\\n"
"Content-Type: text/plain; charset=utf-8\\n"
"Content-Transfer-Encoding: 8bit\\n"
"X-Generator: @lingui/cli\\n"
"Language: en\\n"
"Project-Id-Version: \\n"
"Report-Msgid-Bugs-To: \\n"
"PO-Revision-Date: \\n"
"Last-Translator: \\n"
"Language-Team: \\n"
"Plural-Forms: \\n"

#. js-lingui-explicit-id
msgid "static"
msgstr "Static message"

#. js-lingui-explicit-id
#. js-lingui:pluralize_on=count
msgid "message_with_id_and_octothorpe"
msgid_plural "message_with_id_and_octothorpe_plural"
msgstr[0] "Singular"
msgstr[1] "Number is #"

#. This is a comment by the developers about how the content must be localized.
#. js-lingui-explicit-id
#. js-lingui:pluralize_on=someCount
msgid "message_with_id"
msgid_plural "message_with_id_plural"
msgstr[0] "Singular case with id"
msgstr[1] "Case number {someCount} with id"

#. js-lingui:icu=%7BanotherCount%2C+plural%2C+one+%7BSingular+case%7D+other+%7BCase+number+%7BanotherCount%7D%7D%7D&pluralize_on=anotherCount
msgid "Singular case"
msgid_plural "Case number {anotherCount}"
msgstr[0] "Singular case"
msgstr[1] "Case number {anotherCount}"

#. js-lingui-explicit-id
#. js-lingui:pluralize_on=count
msgid "message_with_id_but_without_translation"
msgid_plural "message_with_id_but_without_translation_plural"
msgstr[0] ""
msgstr[1] ""

#. js-lingui:icu=%7Bcount%2C+plural%2C+one+%7BSingular+automatic+id+no+translation%7D+other+%7BPlural+%7Bcount%7D+automatic+id+no+translation%7D%7D&pluralize_on=count
msgid "Singular automatic id no translation"
msgid_plural "Plural {count} automatic id no translation"
msgstr[0] ""
msgstr[1] ""

`;

exports[`po-gettext format should convert gettext plurals to ICU plural messages 1`] = `
{
  WGI12K: {
    comments: [],
    context: null,
    extra: {
      flags: [],
      translatorComments: [],
    },
    message: {anotherCount, plural, one {Singular case} other {Case number {anotherCount}}},
    obsolete: false,
    origin: [],
    translation: {anotherCount, plural, one {Singular case} other {Case number {anotherCount}}},
  },
  jO/SBZ: {
    comments: [],
    context: null,
    extra: {
      flags: [],
      translatorComments: [],
    },
    message: {count, plural, one {Singular} other {Plural}},
    obsolete: false,
    origin: [],
    translation: ,
  },
  message_with_id: {
    comments: [
      js-lingui-explicit-id,
    ],
    context: null,
    extra: {
      flags: [],
      translatorComments: [],
    },
    obsolete: false,
    origin: [],
    translation: {someCount, plural, one {Singular case} other {Case number {someCount}}},
  },
  message_with_id_but_without_translation: {
    comments: [
      Comment made by the developers.,
      js-lingui-explicit-id,
    ],
    context: null,
    extra: {
      flags: [],
      translatorComments: [],
    },
    obsolete: false,
    origin: [],
    translation: ,
  },
  static: {
    comments: [
      js-lingui-explicit-id,
    ],
    context: null,
    extra: {
      flags: [],
      translatorComments: [],
    },
    obsolete: false,
    origin: [],
    translation: Static message,
  },
}
`;
