// Jest Snapshot v1, https://goo.gl/fbAQLP

exports[`catalogMigration should show deprecation warning 1`] = `
● Deprecation Warning:

 Option localeDir is deprecated. Configure source paths using catalogs instead.

    @lingui/cli now treats your current configuration as:

    {
      "catalogs": [
  {
    "path": "locale/{locale}/messages",
    "include": [
      "./src"
    ],
    "exclude": [
      "/node_modules/"
    ]
  }
]
    }

    Please update your configuration.
    

Documentation: https://lingui.dev/ref/conf
● Deprecation Warning:

 Option srcPathDirs is deprecated. Configure source paths using catalogs instead.

    @lingui/cli now treats your current configuration as:

    {
      "catalogs": [
  {
    "path": "locale/{locale}/messages",
    "include": [
      "./src"
    ],
    "exclude": [
      "/node_modules/"
    ]
  }
]
    }

    Please update your configuration.
    

Documentation: https://lingui.dev/ref/conf
● Deprecation Warning:

 Option srcPathIgnorePatterns is deprecated. Configure source paths using catalogs instead.

    @lingui/cli now treats your current configuration as:

    {
      "catalogs": [
  {
    "path": "locale/{locale}/messages",
    "include": [
      "./src"
    ],
    "exclude": [
      "/node_modules/"
    ]
  }
]
    }

    Please update your configuration.
    

Documentation: https://lingui.dev/ref/conf
`;
