// Jest Snapshot v1, https://goo.gl/fbAQLP

exports[`vue extractor should extract message from functional component 1`] = `
[
  {
    comment: undefined,
    context: undefined,
    id: Render function message,
    message: undefined,
    origin: [
      functional.vue,
      10,
      33,
    ],
  },
]
`;

exports[`vue extractor should extract message from vue file 1`] = `
[
  {
    comment: undefined,
    context: undefined,
    id: Setup message,
    message: undefined,
    origin: [
      test.vue.ts,
      4,
      0,
    ],
  },
  {
    comment: undefined,
    context: undefined,
    id: Script message,
    message: undefined,
    origin: [
      test.vue,
      19,
      20,
    ],
  },
  {
    comment: undefined,
    context: undefined,
    id: custom.id,
    message: My message,
    origin: [
      test.vue,
      27,
      11,
    ],
  },
  {
    comment: Message comment,
    context: undefined,
    id: my.message,
    message: My descriptor message,
    origin: [
      test.vue,
      29,
      10,
    ],
  },
  {
    comment: undefined,
    context: undefined,
    id: id used as message,
    message: undefined,
    origin: [
      test.vue,
      35,
      5,
    ],
  },
  {
    comment: undefined,
    context: undefined,
    id: My message without ID and context,
    message: undefined,
    origin: [
      test.vue,
      36,
      11,
    ],
  },
]
`;
