// Jest Snapshot v1, https://goo.gl/fbAQLP

exports[`Children should render 1`] = `
<Component
  language="cs"
>
  <I18nProvider
    catalogs={
      Object {
        "cs": Object {
          "messages": Object {
            "Full content of {articleName}": "Celé znění článku {articleName}",
            "Hello World": "Ahoj světe",
            "My name is {name}": "Jmenuji se {name}",
            "Read <0>more</0>": "Číst <0>dále</0>",
            "msg.label": "Nápis",
            "{genderOfHost, select, female {{numGuests, plural, offset:1 =0 {{host} does not give a party.} =1 {{host} invites {guest} to her party.} one {{host} invites {guest} and one other person to her party.} other {{host} invites {guest} and # other people to her party.}}} male {{numGuests, plural, offset:1 =0 {{host} does not give a party.} =1 {{host} invites {guest} to his party.} one {{host} invites {guest} and one other person to her party.} other {{host} invites {guest} and # other people to her party.}}} other {{numGuests, plural, offset:1 =0 {{host} does not give a party.} =1 {{host} invites {guest} to their party.} one {{host} invites {guest} and one other person to her party.} other {{host} invites {guest} and # other people to her party.}}}}": "{genderOfHost, select, female {{numGuests, plural, offset:1 =0 {{host} nepořádá oslavu.} =1 {{host} pozvala {guest} na její oslavu.} one {{host} pozvala {guest} a dalšího hosta na její oslavu.} few {{host} pozvala {guest} a # další hosty na její oslavu.} other {{host} pozvala {guest} a # dalších hostů na její oslavu.}}} other {{numGuests, plural, offset:1 =0 {{host} nepořádá oslavu.} =1 {{host} pozval {guest} na jeho oslavu.} one {{host} pozval {guest} a dalšího hosta na jeho oslavu.} few {{host} pozval {guest} a # další hosty na jeho oslavu} other {{host} pozval {guest} a # dalších hostů na jeho poslavu.}}}}",
          },
        },
        "en": Object {},
      }
    }
    defaultRender="span"
    development={
      Object {
        "compile": [Function],
        "loadLanguageData": [Function],
      }
    }
    language="cs"
  >
    <Children>
      <div>
        <ul>
          <li>
            <withI18n
              className="untranslated"
              id="This isn't translated"
            >
              <Trans
                className="untranslated"
                i18n={
                  I18n {
                    "_activeLanguageData": Object {
                      "plurals": [Function],
                    },
                    "_activeMessages": Object {
                      "Full content of {articleName}": [Function],
                      "Hello World": "Ahoj světe",
                      "My name is {name}": [Function],
                      "Read <0>more</0>": "Číst <0>dále</0>",
                      "msg.label": "Nápis",
                      "{genderOfHost, select, female {{numGuests, plural, offset:1 =0 {{host} does not give a party.} =1 {{host} invites {guest} to her party.} one {{host} invites {guest} and one other person to her party.} other {{host} invites {guest} and # other people to her party.}}} male {{numGuests, plural, offset:1 =0 {{host} does not give a party.} =1 {{host} invites {guest} to his party.} one {{host} invites {guest} and one other person to her party.} other {{host} invites {guest} and # other people to her party.}}} other {{numGuests, plural, offset:1 =0 {{host} does not give a party.} =1 {{host} invites {guest} to their party.} one {{host} invites {guest} and one other person to her party.} other {{host} invites {guest} and # other people to her party.}}}}": [Function],
                    },
                    "_catalogs": Object {
                      "cs": Object {
                        "languageData": Object {},
                        "messages": Object {
                          "Full content of {articleName}": [Function],
                          "Hello World": "Ahoj světe",
                          "My name is {name}": [Function],
                          "Read <0>more</0>": "Číst <0>dále</0>",
                          "msg.label": "Nápis",
                          "{genderOfHost, select, female {{numGuests, plural, offset:1 =0 {{host} does not give a party.} =1 {{host} invites {guest} to her party.} one {{host} invites {guest} and one other person to her party.} other {{host} invites {guest} and # other people to her party.}}} male {{numGuests, plural, offset:1 =0 {{host} does not give a party.} =1 {{host} invites {guest} to his party.} one {{host} invites {guest} and one other person to her party.} other {{host} invites {guest} and # other people to her party.}}} other {{numGuests, plural, offset:1 =0 {{host} does not give a party.} =1 {{host} invites {guest} to their party.} one {{host} invites {guest} and one other person to her party.} other {{host} invites {guest} and # other people to her party.}}}}": [Function],
                        },
                      },
                      "en": Object {
                        "languageData": Object {},
                        "messages": Object {},
                      },
                    },
                    "_dev": Object {
                      "compile": [Function],
                      "loadLanguageData": [Function],
                    },
                    "_language": "cs",
                    "plural": [Function],
                    "select": [Function],
                    "selectOrdinal": [Function],
                    "t": [Function],
                  }
                }
                id="This isn't translated"
              >
                <Render
                  className="untranslated"
                  render={undefined}
                  value="This isn't translated"
                >
                  <span
                    className="untranslated"
                  >
                    This isn't translated
                  </span>
                </Render>
              </Trans>
            </withI18n>
          </li>
          <li>
            <withI18n
              className="customId"
              id="msg.label"
            >
              <Trans
                className="customId"
                i18n={
                  I18n {
                    "_activeLanguageData": Object {
                      "plurals": [Function],
                    },
                    "_activeMessages": Object {
                      "Full content of {articleName}": [Function],
                      "Hello World": "Ahoj světe",
                      "My name is {name}": [Function],
                      "Read <0>more</0>": "Číst <0>dále</0>",
                      "msg.label": "Nápis",
                      "{genderOfHost, select, female {{numGuests, plural, offset:1 =0 {{host} does not give a party.} =1 {{host} invites {guest} to her party.} one {{host} invites {guest} and one other person to her party.} other {{host} invites {guest} and # other people to her party.}}} male {{numGuests, plural, offset:1 =0 {{host} does not give a party.} =1 {{host} invites {guest} to his party.} one {{host} invites {guest} and one other person to her party.} other {{host} invites {guest} and # other people to her party.}}} other {{numGuests, plural, offset:1 =0 {{host} does not give a party.} =1 {{host} invites {guest} to their party.} one {{host} invites {guest} and one other person to her party.} other {{host} invites {guest} and # other people to her party.}}}}": [Function],
                    },
                    "_catalogs": Object {
                      "cs": Object {
                        "languageData": Object {},
                        "messages": Object {
                          "Full content of {articleName}": [Function],
                          "Hello World": "Ahoj světe",
                          "My name is {name}": [Function],
                          "Read <0>more</0>": "Číst <0>dále</0>",
                          "msg.label": "Nápis",
                          "{genderOfHost, select, female {{numGuests, plural, offset:1 =0 {{host} does not give a party.} =1 {{host} invites {guest} to her party.} one {{host} invites {guest} and one other person to her party.} other {{host} invites {guest} and # other people to her party.}}} male {{numGuests, plural, offset:1 =0 {{host} does not give a party.} =1 {{host} invites {guest} to his party.} one {{host} invites {guest} and one other person to her party.} other {{host} invites {guest} and # other people to her party.}}} other {{numGuests, plural, offset:1 =0 {{host} does not give a party.} =1 {{host} invites {guest} to their party.} one {{host} invites {guest} and one other person to her party.} other {{host} invites {guest} and # other people to her party.}}}}": [Function],
                        },
                      },
                      "en": Object {
                        "languageData": Object {},
                        "messages": Object {},
                      },
                    },
                    "_dev": Object {
                      "compile": [Function],
                      "loadLanguageData": [Function],
                    },
                    "_language": "cs",
                    "plural": [Function],
                    "select": [Function],
                    "selectOrdinal": [Function],
                    "t": [Function],
                  }
                }
                id="msg.label"
              >
                <Render
                  className="customId"
                  render={undefined}
                  value="Nápis"
                >
                  <span
                    className="customId"
                  >
                    Nápis
                  </span>
                </Render>
              </Trans>
            </withI18n>
          </li>
          <li>
            <withI18n
              className="translated"
              id="Hello World"
            >
              <Trans
                className="translated"
                i18n={
                  I18n {
                    "_activeLanguageData": Object {
                      "plurals": [Function],
                    },
                    "_activeMessages": Object {
                      "Full content of {articleName}": [Function],
                      "Hello World": "Ahoj světe",
                      "My name is {name}": [Function],
                      "Read <0>more</0>": "Číst <0>dále</0>",
                      "msg.label": "Nápis",
                      "{genderOfHost, select, female {{numGuests, plural, offset:1 =0 {{host} does not give a party.} =1 {{host} invites {guest} to her party.} one {{host} invites {guest} and one other person to her party.} other {{host} invites {guest} and # other people to her party.}}} male {{numGuests, plural, offset:1 =0 {{host} does not give a party.} =1 {{host} invites {guest} to his party.} one {{host} invites {guest} and one other person to her party.} other {{host} invites {guest} and # other people to her party.}}} other {{numGuests, plural, offset:1 =0 {{host} does not give a party.} =1 {{host} invites {guest} to their party.} one {{host} invites {guest} and one other person to her party.} other {{host} invites {guest} and # other people to her party.}}}}": [Function],
                    },
                    "_catalogs": Object {
                      "cs": Object {
                        "languageData": Object {},
                        "messages": Object {
                          "Full content of {articleName}": [Function],
                          "Hello World": "Ahoj světe",
                          "My name is {name}": [Function],
                          "Read <0>more</0>": "Číst <0>dále</0>",
                          "msg.label": "Nápis",
                          "{genderOfHost, select, female {{numGuests, plural, offset:1 =0 {{host} does not give a party.} =1 {{host} invites {guest} to her party.} one {{host} invites {guest} and one other person to her party.} other {{host} invites {guest} and # other people to her party.}}} male {{numGuests, plural, offset:1 =0 {{host} does not give a party.} =1 {{host} invites {guest} to his party.} one {{host} invites {guest} and one other person to her party.} other {{host} invites {guest} and # other people to her party.}}} other {{numGuests, plural, offset:1 =0 {{host} does not give a party.} =1 {{host} invites {guest} to their party.} one {{host} invites {guest} and one other person to her party.} other {{host} invites {guest} and # other people to her party.}}}}": [Function],
                        },
                      },
                      "en": Object {
                        "languageData": Object {},
                        "messages": Object {},
                      },
                    },
                    "_dev": Object {
                      "compile": [Function],
                      "loadLanguageData": [Function],
                    },
                    "_language": "cs",
                    "plural": [Function],
                    "select": [Function],
                    "selectOrdinal": [Function],
                    "t": [Function],
                  }
                }
                id="Hello World"
              >
                <Render
                  className="translated"
                  render={undefined}
                  value="Ahoj světe"
                >
                  <span
                    className="translated"
                  >
                    Ahoj světe
                  </span>
                </Render>
              </Trans>
            </withI18n>
          </li>
          <li>
            <withI18n
              className="variable"
              id="My name is {name}"
              values={
                Object {
                  "name": "Mononoke",
                }
              }
            >
              <Trans
                className="variable"
                i18n={
                  I18n {
                    "_activeLanguageData": Object {
                      "plurals": [Function],
                    },
                    "_activeMessages": Object {
                      "Full content of {articleName}": [Function],
                      "Hello World": "Ahoj světe",
                      "My name is {name}": [Function],
                      "Read <0>more</0>": "Číst <0>dále</0>",
                      "msg.label": "Nápis",
                      "{genderOfHost, select, female {{numGuests, plural, offset:1 =0 {{host} does not give a party.} =1 {{host} invites {guest} to her party.} one {{host} invites {guest} and one other person to her party.} other {{host} invites {guest} and # other people to her party.}}} male {{numGuests, plural, offset:1 =0 {{host} does not give a party.} =1 {{host} invites {guest} to his party.} one {{host} invites {guest} and one other person to her party.} other {{host} invites {guest} and # other people to her party.}}} other {{numGuests, plural, offset:1 =0 {{host} does not give a party.} =1 {{host} invites {guest} to their party.} one {{host} invites {guest} and one other person to her party.} other {{host} invites {guest} and # other people to her party.}}}}": [Function],
                    },
                    "_catalogs": Object {
                      "cs": Object {
                        "languageData": Object {},
                        "messages": Object {
                          "Full content of {articleName}": [Function],
                          "Hello World": "Ahoj světe",
                          "My name is {name}": [Function],
                          "Read <0>more</0>": "Číst <0>dále</0>",
                          "msg.label": "Nápis",
                          "{genderOfHost, select, female {{numGuests, plural, offset:1 =0 {{host} does not give a party.} =1 {{host} invites {guest} to her party.} one {{host} invites {guest} and one other person to her party.} other {{host} invites {guest} and # other people to her party.}}} male {{numGuests, plural, offset:1 =0 {{host} does not give a party.} =1 {{host} invites {guest} to his party.} one {{host} invites {guest} and one other person to her party.} other {{host} invites {guest} and # other people to her party.}}} other {{numGuests, plural, offset:1 =0 {{host} does not give a party.} =1 {{host} invites {guest} to their party.} one {{host} invites {guest} and one other person to her party.} other {{host} invites {guest} and # other people to her party.}}}}": [Function],
                        },
                      },
                      "en": Object {
                        "languageData": Object {},
                        "messages": Object {},
                      },
                    },
                    "_dev": Object {
                      "compile": [Function],
                      "loadLanguageData": [Function],
                    },
                    "_language": "cs",
                    "plural": [Function],
                    "select": [Function],
                    "selectOrdinal": [Function],
                    "t": [Function],
                  }
                }
                id="My name is {name}"
                values={
                  Object {
                    "name": "Mononoke",
                  }
                }
              >
                <Render
                  className="variable"
                  render={undefined}
                  value="Jmenuji se Mononoke"
                >
                  <span
                    className="variable"
                  >
                    Jmenuji se Mononoke
                  </span>
                </Render>
              </Trans>
            </withI18n>
          </li>
          <li>
            <withI18n
              className="components"
              components={
                Array [
                  <a
                    href="/mononoke"
                  />,
                ]
              }
              id="Read <0>more</0>."
            >
              <Trans
                className="components"
                components={
                  Array [
                    <a
                      href="/mononoke"
                    />,
                  ]
                }
                i18n={
                  I18n {
                    "_activeLanguageData": Object {
                      "plurals": [Function],
                    },
                    "_activeMessages": Object {
                      "Full content of {articleName}": [Function],
                      "Hello World": "Ahoj světe",
                      "My name is {name}": [Function],
                      "Read <0>more</0>": "Číst <0>dále</0>",
                      "msg.label": "Nápis",
                      "{genderOfHost, select, female {{numGuests, plural, offset:1 =0 {{host} does not give a party.} =1 {{host} invites {guest} to her party.} one {{host} invites {guest} and one other person to her party.} other {{host} invites {guest} and # other people to her party.}}} male {{numGuests, plural, offset:1 =0 {{host} does not give a party.} =1 {{host} invites {guest} to his party.} one {{host} invites {guest} and one other person to her party.} other {{host} invites {guest} and # other people to her party.}}} other {{numGuests, plural, offset:1 =0 {{host} does not give a party.} =1 {{host} invites {guest} to their party.} one {{host} invites {guest} and one other person to her party.} other {{host} invites {guest} and # other people to her party.}}}}": [Function],
                    },
                    "_catalogs": Object {
                      "cs": Object {
                        "languageData": Object {},
                        "messages": Object {
                          "Full content of {articleName}": [Function],
                          "Hello World": "Ahoj světe",
                          "My name is {name}": [Function],
                          "Read <0>more</0>": "Číst <0>dále</0>",
                          "msg.label": "Nápis",
                          "{genderOfHost, select, female {{numGuests, plural, offset:1 =0 {{host} does not give a party.} =1 {{host} invites {guest} to her party.} one {{host} invites {guest} and one other person to her party.} other {{host} invites {guest} and # other people to her party.}}} male {{numGuests, plural, offset:1 =0 {{host} does not give a party.} =1 {{host} invites {guest} to his party.} one {{host} invites {guest} and one other person to her party.} other {{host} invites {guest} and # other people to her party.}}} other {{numGuests, plural, offset:1 =0 {{host} does not give a party.} =1 {{host} invites {guest} to their party.} one {{host} invites {guest} and one other person to her party.} other {{host} invites {guest} and # other people to her party.}}}}": [Function],
                        },
                      },
                      "en": Object {
                        "languageData": Object {},
                        "messages": Object {},
                      },
                    },
                    "_dev": Object {
                      "compile": [Function],
                      "loadLanguageData": [Function],
                    },
                    "_language": "cs",
                    "plural": [Function],
                    "select": [Function],
                    "selectOrdinal": [Function],
                    "t": [Function],
                  }
                }
                id="Read <0>more</0>."
              >
                <Render
                  className="components"
                  render={undefined}
                  value={
                    Array [
                      "Read ",
                      <a
                        href="/mononoke"
                      >
                        more
                      </a>,
                      ".",
                    ]
                  }
                >
                  <span
                    className="components"
                  >
                    Read 
                    <a
                      href="/mononoke"
                      key="0"
                    >
                      more
                    </a>
                    .
                  </span>
                </Render>
              </Trans>
            </withI18n>
          </li>
          <li>
            <withI18n
              className="plural"
              id="{genderOfHost, select, female {{numGuests, plural, offset:1 =0 {{host} does not give a party.} =1 {{host} invites {guest} to her party.} one {{host} invites {guest} and one other person to her party.} other {{host} invites {guest} and # other people to her party.}}} male {{numGuests, plural, offset:1 =0 {{host} does not give a party.} =1 {{host} invites {guest} to his party.} one {{host} invites {guest} and one other person to her party.} other {{host} invites {guest} and # other people to her party.}}} other {{numGuests, plural, offset:1 =0 {{host} does not give a party.} =1 {{host} invites {guest} to their party.} one {{host} invites {guest} and one other person to her party.} other {{host} invites {guest} and # other people to her party.}}}}"
              values={
                Object {
                  "genderOfHost": "female",
                  "guest": "Fred",
                  "host": "Wilma",
                  "numGuests": 2,
                }
              }
            >
              <Trans
                className="plural"
                i18n={
                  I18n {
                    "_activeLanguageData": Object {
                      "plurals": [Function],
                    },
                    "_activeMessages": Object {
                      "Full content of {articleName}": [Function],
                      "Hello World": "Ahoj světe",
                      "My name is {name}": [Function],
                      "Read <0>more</0>": "Číst <0>dále</0>",
                      "msg.label": "Nápis",
                      "{genderOfHost, select, female {{numGuests, plural, offset:1 =0 {{host} does not give a party.} =1 {{host} invites {guest} to her party.} one {{host} invites {guest} and one other person to her party.} other {{host} invites {guest} and # other people to her party.}}} male {{numGuests, plural, offset:1 =0 {{host} does not give a party.} =1 {{host} invites {guest} to his party.} one {{host} invites {guest} and one other person to her party.} other {{host} invites {guest} and # other people to her party.}}} other {{numGuests, plural, offset:1 =0 {{host} does not give a party.} =1 {{host} invites {guest} to their party.} one {{host} invites {guest} and one other person to her party.} other {{host} invites {guest} and # other people to her party.}}}}": [Function],
                    },
                    "_catalogs": Object {
                      "cs": Object {
                        "languageData": Object {},
                        "messages": Object {
                          "Full content of {articleName}": [Function],
                          "Hello World": "Ahoj světe",
                          "My name is {name}": [Function],
                          "Read <0>more</0>": "Číst <0>dále</0>",
                          "msg.label": "Nápis",
                          "{genderOfHost, select, female {{numGuests, plural, offset:1 =0 {{host} does not give a party.} =1 {{host} invites {guest} to her party.} one {{host} invites {guest} and one other person to her party.} other {{host} invites {guest} and # other people to her party.}}} male {{numGuests, plural, offset:1 =0 {{host} does not give a party.} =1 {{host} invites {guest} to his party.} one {{host} invites {guest} and one other person to her party.} other {{host} invites {guest} and # other people to her party.}}} other {{numGuests, plural, offset:1 =0 {{host} does not give a party.} =1 {{host} invites {guest} to their party.} one {{host} invites {guest} and one other person to her party.} other {{host} invites {guest} and # other people to her party.}}}}": [Function],
                        },
                      },
                      "en": Object {
                        "languageData": Object {},
                        "messages": Object {},
                      },
                    },
                    "_dev": Object {
                      "compile": [Function],
                      "loadLanguageData": [Function],
                    },
                    "_language": "cs",
                    "plural": [Function],
                    "select": [Function],
                    "selectOrdinal": [Function],
                    "t": [Function],
                  }
                }
                id="{genderOfHost, select, female {{numGuests, plural, offset:1 =0 {{host} does not give a party.} =1 {{host} invites {guest} to her party.} one {{host} invites {guest} and one other person to her party.} other {{host} invites {guest} and # other people to her party.}}} male {{numGuests, plural, offset:1 =0 {{host} does not give a party.} =1 {{host} invites {guest} to his party.} one {{host} invites {guest} and one other person to her party.} other {{host} invites {guest} and # other people to her party.}}} other {{numGuests, plural, offset:1 =0 {{host} does not give a party.} =1 {{host} invites {guest} to their party.} one {{host} invites {guest} and one other person to her party.} other {{host} invites {guest} and # other people to her party.}}}}"
                values={
                  Object {
                    "genderOfHost": "female",
                    "guest": "Fred",
                    "host": "Wilma",
                    "numGuests": 2,
                  }
                }
              >
                <Render
                  className="plural"
                  render={undefined}
                  value="Wilma pozvala Fred a dalšího hosta na její oslavu."
                >
                  <span
                    className="plural"
                  >
                    Wilma pozvala Fred a dalšího hosta na její oslavu.
                  </span>
                </Render>
              </Trans>
            </withI18n>
          </li>
          <li>
            <withI18n
              id="My name is {name}"
              render={
                <p
                  className="render-element"
                />
              }
              values={
                Object {
                  "name": "Mononoke",
                }
              }
            >
              <Trans
                i18n={
                  I18n {
                    "_activeLanguageData": Object {
                      "plurals": [Function],
                    },
                    "_activeMessages": Object {
                      "Full content of {articleName}": [Function],
                      "Hello World": "Ahoj světe",
                      "My name is {name}": [Function],
                      "Read <0>more</0>": "Číst <0>dále</0>",
                      "msg.label": "Nápis",
                      "{genderOfHost, select, female {{numGuests, plural, offset:1 =0 {{host} does not give a party.} =1 {{host} invites {guest} to her party.} one {{host} invites {guest} and one other person to her party.} other {{host} invites {guest} and # other people to her party.}}} male {{numGuests, plural, offset:1 =0 {{host} does not give a party.} =1 {{host} invites {guest} to his party.} one {{host} invites {guest} and one other person to her party.} other {{host} invites {guest} and # other people to her party.}}} other {{numGuests, plural, offset:1 =0 {{host} does not give a party.} =1 {{host} invites {guest} to their party.} one {{host} invites {guest} and one other person to her party.} other {{host} invites {guest} and # other people to her party.}}}}": [Function],
                    },
                    "_catalogs": Object {
                      "cs": Object {
                        "languageData": Object {},
                        "messages": Object {
                          "Full content of {articleName}": [Function],
                          "Hello World": "Ahoj světe",
                          "My name is {name}": [Function],
                          "Read <0>more</0>": "Číst <0>dále</0>",
                          "msg.label": "Nápis",
                          "{genderOfHost, select, female {{numGuests, plural, offset:1 =0 {{host} does not give a party.} =1 {{host} invites {guest} to her party.} one {{host} invites {guest} and one other person to her party.} other {{host} invites {guest} and # other people to her party.}}} male {{numGuests, plural, offset:1 =0 {{host} does not give a party.} =1 {{host} invites {guest} to his party.} one {{host} invites {guest} and one other person to her party.} other {{host} invites {guest} and # other people to her party.}}} other {{numGuests, plural, offset:1 =0 {{host} does not give a party.} =1 {{host} invites {guest} to their party.} one {{host} invites {guest} and one other person to her party.} other {{host} invites {guest} and # other people to her party.}}}}": [Function],
                        },
                      },
                      "en": Object {
                        "languageData": Object {},
                        "messages": Object {},
                      },
                    },
                    "_dev": Object {
                      "compile": [Function],
                      "loadLanguageData": [Function],
                    },
                    "_language": "cs",
                    "plural": [Function],
                    "select": [Function],
                    "selectOrdinal": [Function],
                    "t": [Function],
                  }
                }
                id="My name is {name}"
                render={
                  <p
                    className="render-element"
                  />
                }
                values={
                  Object {
                    "name": "Mononoke",
                  }
                }
              >
                <Render
                  className={undefined}
                  render={
                    <p
                      className="render-element"
                    />
                  }
                  value="Jmenuji se Mononoke"
                >
                  <p
                    className="render-element"
                  >
                    Jmenuji se Mononoke
                  </p>
                </Render>
              </Trans>
            </withI18n>
            <withI18n
              id="My name is {name}"
              render={[Function]}
              values={
                Object {
                  "name": "Mononoke",
                }
              }
            >
              <Trans
                i18n={
                  I18n {
                    "_activeLanguageData": Object {
                      "plurals": [Function],
                    },
                    "_activeMessages": Object {
                      "Full content of {articleName}": [Function],
                      "Hello World": "Ahoj světe",
                      "My name is {name}": [Function],
                      "Read <0>more</0>": "Číst <0>dále</0>",
                      "msg.label": "Nápis",
                      "{genderOfHost, select, female {{numGuests, plural, offset:1 =0 {{host} does not give a party.} =1 {{host} invites {guest} to her party.} one {{host} invites {guest} and one other person to her party.} other {{host} invites {guest} and # other people to her party.}}} male {{numGuests, plural, offset:1 =0 {{host} does not give a party.} =1 {{host} invites {guest} to his party.} one {{host} invites {guest} and one other person to her party.} other {{host} invites {guest} and # other people to her party.}}} other {{numGuests, plural, offset:1 =0 {{host} does not give a party.} =1 {{host} invites {guest} to their party.} one {{host} invites {guest} and one other person to her party.} other {{host} invites {guest} and # other people to her party.}}}}": [Function],
                    },
                    "_catalogs": Object {
                      "cs": Object {
                        "languageData": Object {},
                        "messages": Object {
                          "Full content of {articleName}": [Function],
                          "Hello World": "Ahoj světe",
                          "My name is {name}": [Function],
                          "Read <0>more</0>": "Číst <0>dále</0>",
                          "msg.label": "Nápis",
                          "{genderOfHost, select, female {{numGuests, plural, offset:1 =0 {{host} does not give a party.} =1 {{host} invites {guest} to her party.} one {{host} invites {guest} and one other person to her party.} other {{host} invites {guest} and # other people to her party.}}} male {{numGuests, plural, offset:1 =0 {{host} does not give a party.} =1 {{host} invites {guest} to his party.} one {{host} invites {guest} and one other person to her party.} other {{host} invites {guest} and # other people to her party.}}} other {{numGuests, plural, offset:1 =0 {{host} does not give a party.} =1 {{host} invites {guest} to their party.} one {{host} invites {guest} and one other person to her party.} other {{host} invites {guest} and # other people to her party.}}}}": [Function],
                        },
                      },
                      "en": Object {
                        "languageData": Object {},
                        "messages": Object {},
                      },
                    },
                    "_dev": Object {
                      "compile": [Function],
                      "loadLanguageData": [Function],
                    },
                    "_language": "cs",
                    "plural": [Function],
                    "select": [Function],
                    "selectOrdinal": [Function],
                    "t": [Function],
                  }
                }
                id="My name is {name}"
                render={[Function]}
                values={
                  Object {
                    "name": "Mononoke",
                  }
                }
              >
                <Render
                  className={undefined}
                  render={[Function]}
                  value="Jmenuji se Mononoke"
                >
                  <render
                    translation="Jmenuji se Mononoke"
                  >
                    <p
                      className="render-component"
                    >
                      Jmenuji se Mononoke
                    </p>
                  </render>
                </Render>
              </Trans>
            </withI18n>
          </li>
        </ul>
      </div>
    </Children>
  </I18nProvider>
</Component>
`;

exports[`Children should support nested elements 1`] = `"<span class=\\"components\\">Read <a href=\\"/mononoke\\">more</a>.</span>"`;
