// Jest Snapshot v1, https://goo.gl/fbAQLP

exports[`Formats should render 1`] = `
<Component
  language="en"
>
  <I18nProvider
    catalogs={
      Object {
        "en": Object {},
      }
    }
    defaultRender="span"
    development={
      Object {
        "compile": [Function],
        "loadLanguageData": [Function],
      }
    }
    language="en"
  >
    <Formats>
      <div>
        <ul>
          <li>
            <withI18n
              className="percent"
              id="The answer is {answer,number,percent}"
              values={
                Object {
                  "answer": 0.42,
                }
              }
            >
              <Trans
                className="percent"
                i18n={
                  I18n {
                    "_activeLanguageData": Object {
                      "plurals": [Function],
                    },
                    "_activeMessages": Object {},
                    "_catalogs": Object {
                      "en": Object {
                        "languageData": Object {},
                        "messages": Object {},
                      },
                    },
                    "_dev": Object {
                      "compile": [Function],
                      "loadLanguageData": [Function],
                    },
                    "_language": "en",
                    "plural": [Function],
                    "select": [Function],
                    "selectOrdinal": [Function],
                    "t": [Function],
                  }
                }
                id="The answer is {answer,number,percent}"
                values={
                  Object {
                    "answer": 0.42,
                  }
                }
              >
                <Render
                  className="percent"
                  render={undefined}
                  value="The answer is 42%"
                >
                  <span
                    className="percent"
                  >
                    The answer is 42%
                  </span>
                </Render>
              </Trans>
            </withI18n>
          </li>
          <li>
            <withI18n
              className="date"
              id="Today is {now,date}"
              values={
                Object {
                  "now": 2017-04-05T11:14:00.000Z,
                }
              }
            >
              <Trans
                className="date"
                i18n={
                  I18n {
                    "_activeLanguageData": Object {
                      "plurals": [Function],
                    },
                    "_activeMessages": Object {},
                    "_catalogs": Object {
                      "en": Object {
                        "languageData": Object {},
                        "messages": Object {},
                      },
                    },
                    "_dev": Object {
                      "compile": [Function],
                      "loadLanguageData": [Function],
                    },
                    "_language": "en",
                    "plural": [Function],
                    "select": [Function],
                    "selectOrdinal": [Function],
                    "t": [Function],
                  }
                }
                id="Today is {now,date}"
                values={
                  Object {
                    "now": 2017-04-05T11:14:00.000Z,
                  }
                }
              >
                <Render
                  className="date"
                  render={undefined}
                  value="Today is 4/5/2017"
                >
                  <span
                    className="date"
                  >
                    Today is 4/5/2017
                  </span>
                </Render>
              </Trans>
            </withI18n>
          </li>
        </ul>
      </div>
    </Formats>
  </I18nProvider>
</Component>
`;
