// Jest Snapshot v1, https://goo.gl/fbAQLP

exports[`lingui-loader should compile catalog in json format 1`] = `
{
  key: Message,
  key2: [
    Hello ,
    [
      name,
    ],
  ],
}
`;

exports[`lingui-loader should compile catalog in po format 1`] = `
{
  ED2Xk0: String from template,
  mVmaLu: [
    My name is ,
    [
      name,
    ],
  ],
  mY42CM: Hello World,
}
`;

exports[`lingui-loader should compile catalog with relative path with no warnings 1`] = `
{
  ED2Xk0: String from template,
  mVmaLu: [
    My name is ,
    [
      name,
    ],
  ],
  mY42CM: Hello World,
}
`;
