// Jest Snapshot v1, https://goo.gl/fbAQLP

exports[`fluent format should read catalog in fluent format 1`] = `
Object {
  multilineString: Object {
    comments: undefined,
    defaults: undefined,
    description: undefined,
    flags: undefined,
    obsolete: false,
    origin: Array [],
    translation: One morning, when Gregor Samsa woke from troubled dreams, he found himself
transformed in his bed into a horrible vermin. He lay on his armour-like
back, and if he lifted his head a little he could see his brown belly,
slightly domed and divided by arches into stiff sections. The bedding was
hardly able to cover it and seemed ready to slide off any moment. His many
legs, pitifully thin compared with the size of the rest of him, waved about
helplessly as he looked. "What's happened to me?" he thought. It wasn't
a dream. His room, a proper human
  Two spaces before
     Four spaces before,
  },
  obsolete: Object {
    comments: Array [
      Old message,
    ],
    defaults: undefined,
    description: undefined,
    flags: undefined,
    obsolete: true,
    origin: Array [],
    translation: Obsolete message,
  },
  static: Object {
    comments: undefined,
    defaults: undefined,
    description: undefined,
    flags: undefined,
    obsolete: false,
    origin: Array [],
    translation: Static message,
  },
  withComments: Object {
    comments: Array [
      Translator comment,
      This one might come from developer,
    ],
    defaults: undefined,
    description: undefined,
    flags: undefined,
    obsolete: false,
    origin: Array [],
    translation: Support translator comments separately,
  },
  withDescription: Object {
    comments: undefined,
    defaults: undefined,
    description: Description is comment from developers to translators,
    flags: undefined,
    obsolete: false,
    origin: Array [],
    translation: Message with description,
  },
  withFlags: Object {
    comments: undefined,
    defaults: undefined,
    description: undefined,
    flags: Array [
      fuzzy,
      otherFlag,
    ],
    obsolete: false,
    origin: Array [],
    translation: Keeps any flags that are defined,
  },
  withMultipleOrigins: Object {
    comments: undefined,
    defaults: undefined,
    description: undefined,
    flags: undefined,
    obsolete: false,
    origin: Array [
      Array [
        src/App.js,
        4,
      ],
      Array [
        src/Component.js,
        2,
      ],
    ],
    translation: Message with multiple origin,
  },
  withOrigin: Object {
    comments: undefined,
    defaults: undefined,
    description: undefined,
    flags: undefined,
    obsolete: false,
    origin: Array [
      Array [
        src/App.js,
        4,
      ],
    ],
    translation: Message with origin,
  },
}
`;

exports[`fluent format should write catalog in fluent format 1`] = `
static = Static message

# #: src/App.js:4
withOrigin = Message with origin

# #: src/App.js:4
# #: src/Component.js:2
withMultipleOrigins = Message with multiple origin

# Description is comment from developers to translators
withDescription = Message with description

# #. Translator comment
# #. This one might come from developer
withComments = Support translator comments separately

# #~ # #. Old message
# #~ obsolete = Obsolete message

# #, fuzzy,otherFlag
withFlags = Keeps any flags that are defined

multilineString =
    One morning, when Gregor Samsa woke from troubled dreams, he found himself
    transformed in his bed into a horrible vermin. He lay on his armour-like
    back, and if he lifted his head a little he could see his brown belly,
    slightly domed and divided by arches into stiff sections. The bedding was
    hardly able to cover it and seemed ready to slide off any moment. His many
    legs, pitifully thin compared with the size of the rest of him, waved about
    helplessly as he looked. "What's happened to me?" he thought. It wasn't
    a dream. His room, a proper human
      Two spaces before
         Four spaces before

`;
