// Jest Snapshot v1, https://goo.gl/fbAQLP

exports[`lingui format should read catalog in lingui format 1`] = `
Object {
  static: Static message,
  veryLongString: One morning, when Gregor Samsa woke from troubled dreams, he found himself transformed in his bed into a horrible vermin. He lay on his armour-like back, and if he lifted his head a little he could see his brown belly, slightly domed and divided by arches into stiff sections. The bedding was hardly able to cover it and seemed ready to slide off any moment. His many legs, pitifully thin compared with the size of the rest of him, waved about helplessly as he looked. "What's happened to me?" he thought. It wasn't a dream. His room, a proper human,
}
`;

exports[`lingui format should write catalog in lingui format 1`] = `
{
  "static": {
    "translation": "Static message"
  },
  "withOrigin": {
    "translation": "Message with origin",
    "origin": [
      [
        "src/App.js",
        4
      ]
    ]
  },
  "withMultipleOrigins": {
    "translation": "Message with multiple origin",
    "origin": [
      [
        "src/App.js",
        4
      ],
      [
        "src/Component.js",
        2
      ]
    ]
  },
  "withDescription": {
    "translation": "Message with description",
    "description": "Description is comment from developers to translators"
  },
  "withComments": {
    "comments": [
      "Translator comment",
      "This one might come from developer"
    ],
    "translation": "Support translator comments separately"
  },
  "obsolete": {
    "translation": "Obsolete message",
    "obsolete": true
  },
  "withFlags": {
    "flags": [
      "fuzzy",
      "otherFlag"
    ],
    "translation": "Keeps any flags that are defined"
  },
  "veryLongString": {
    "translation": "One morning, when Gregor Samsa woke from troubled dreams, he found himself transformed in his bed into a horrible vermin. He lay on his armour-like back, and if he lifted his head a little he could see his brown belly, slightly domed and divided by arches into stiff sections. The bedding was hardly able to cover it and seemed ready to slide off any moment. His many legs, pitifully thin compared with the size of the rest of him, waved about helplessly as he looked. \\"What's happened to me?\\" he thought. It wasn't a dream. His room, a proper human"
  }
}
`;
