// Jest Snapshot v1, https://goo.gl/fbAQLP

exports[`pofile format should correct badly used comments 1`] = `
Object {
  withDescriptionAndComments: Object {
    comment: Single description only,
    comments: Array [
      Translator comment,
      Second description?,
    ],
    flags: Array [],
    obsolete: false,
    origin: Array [],
    translation: Second description joins translator comments,
  },
  withMultipleDescriptions: Object {
    comment: First description,
    comments: Array [
      Second comment,
      Third comment,
    ],
    flags: Array [],
    obsolete: false,
    origin: Array [],
    translation: Extra comments are separated from the first description line,
  },
}
`;

exports[`pofile format should read catalog in pofile format 1`] = `
Object {
  obsolete: Object {
    comment: undefined,
    comments: Array [],
    flags: Array [],
    obsolete: true,
    origin: Array [],
    translation: Is marked as obsolete,
  },
  static: Object {
    comment: undefined,
    comments: Array [],
    flags: Array [],
    obsolete: false,
    origin: Array [],
    translation: Static message,
  },
  veryLongString: Object {
    comment: undefined,
    comments: Array [],
    flags: Array [],
    obsolete: false,
    origin: Array [],
    translation: One morning, when Gregor Samsa woke from troubled dreams, he found himself transformed in his bed into a horrible vermin. He lay on his armour-like back, and if he lifted his head a little he could see his brown belly, slightly domed and divided by arches into stiff sections. The bedding was hardly able to cover it and seemed ready to slide off any moment. His many legs, pitifully thin compared with the size of the rest of him, waved about helplessly as he looked. "What's happened to me?" he thought. It wasn't a dream. His room, a proper human,
  },
  withComments: Object {
    comment: undefined,
    comments: Array [
      Translator comment,
      This one might come from developer,
    ],
    flags: Array [],
    obsolete: false,
    origin: Array [],
    translation: Support translator comments separately,
  },
  withDescription: Object {
    comment: Description is comment from developers to translators,
    comments: Array [],
    flags: Array [],
    obsolete: false,
    origin: Array [],
    translation: Message with description,
  },
  withFlags: Object {
    comment: undefined,
    comments: Array [],
    flags: Array [
      fuzzy,
      otherFlag,
    ],
    obsolete: false,
    origin: Array [],
    translation: Keeps any flags that are defined,
  },
  withMultipleOrigins: Object {
    comment: undefined,
    comments: Array [],
    flags: Array [],
    obsolete: false,
    origin: Array [
      Array [
        src/App.js,
        4,
      ],
      Array [
        src/Component.js,
        2,
      ],
    ],
    translation: Message with multiple origin,
  },
  withOrigin: Object {
    comment: undefined,
    comments: Array [],
    flags: Array [],
    obsolete: false,
    origin: Array [
      Array [
        src/App.js,
        4,
      ],
    ],
    translation: Message with origin,
  },
}
`;

exports[`pofile format should throw away additional msgstr if present 1`] = `
Object {
  withMultipleTranslation: Object {
    comment: undefined,
    comments: Array [],
    flags: Array [],
    obsolete: false,
    origin: Array [],
    translation: This is just fine,
  },
}
`;

exports[`pofile format should write catalog in pofile format 1`] = `
msgid ""
msgstr ""
"POT-Creation-Date: 2018-08-27 10:00+0000\\n"
"Mime-Version: 1.0\\n"
"Content-Type: text/plain; charset=utf-8\\n"
"Content-Transfer-Encoding: 8bit\\n"
"X-Generator: @lingui/cli\\n"
"Language: en\\n"

msgid "static"
msgstr "Static message"

#: src/App.js:4
msgid "withOrigin"
msgstr "Message with origin"

#: src/App.js:4
#: src/Component.js:2
msgid "withMultipleOrigins"
msgstr "Message with multiple origin"

msgid "withDescription"
msgstr "Message with description"

# Translator comment
# This one might come from developer
msgid "withComments"
msgstr "Support translator comments separately"

#~ msgid "obsolete"
#~ msgstr "Obsolete message"

#, fuzzy,otherFlag
msgid "withFlags"
msgstr "Keeps any flags that are defined"

msgid "veryLongString"
msgstr "One morning, when Gregor Samsa woke from troubled dreams, he found himself transformed in his bed into a horrible vermin. He lay on his armour-like back, and if he lifted his head a little he could see his brown belly, slightly domed and divided by arches into stiff sections. The bedding was hardly able to cover it and seemed ready to slide off any moment. His many legs, pitifully thin compared with the size of the rest of him, waved about helplessly as he looked. \\"What's happened to me?\\" he thought. It wasn't a dream. His room, a proper human"

`;
