// Jest Snapshot v1, https://goo.gl/fbAQLP

exports[`pofile format should read catalog in pofile format 1`] = `
Object {
  obsolete: Object {
    description: undefined,
    obsolete: true,
    origin: undefined,
    translation: Obsolete message,
  },
  static: Object {
    description: undefined,
    obsolete: false,
    origin: undefined,
    translation: Static message,
  },
  veryLongString: Object {
    description: undefined,
    obsolete: false,
    origin: undefined,
    translation: One morning, when Gregor Samsa woke from troubled dreams, he found himself transformed in his bed into a horrible vermin. He lay on his armour-like back, and if he lifted his head a little he could see his brown belly, slightly domed and divided by arches into stiff sections. The bedding was hardly able to cover it and seemed ready to slide off any moment. His many legs, pitifully thin compared with the size of the rest of him, waved about helplessly as he looked. "What's happened to me?" he thought. It wasn't a dream. His room, a proper human,
  },
  withDescription: Object {
    description: Description is comment from developers to translators,
    obsolete: false,
    origin: undefined,
    translation: Message with description,
  },
  withOrigin: Object {
    description: undefined,
    obsolete: false,
    origin: Array [
      Array [
        src/App.js,
        4,
      ],
      Array [
        src/Component.js,
        2,
      ],
    ],
    translation: Message with origin,
  },
}
`;

exports[`pofile format should write catalog in pofile format 1`] = `
msgid ""
msgstr ""
"project-id-version: Project Name\\n"
"pot-creation-date: 2018-08-09\\n"
"po-revision-date: 2018-08-09\\n"
"last-translator: \\n"
"language-team: \\n"
"mime-version: 1.0\\n"
"content-type: text/plain; charset=utf-8\\n"
"content-transfer-encoding: 8bit\\n"
"language: en\\n"
"x-generator: @lingui/cli\\n"

msgid "static"
msgstr "Static message"

#: src/App.js:4, src/Component.js:2
msgid "withOrigin"
msgstr "Message with origin"

#. Description is comment from developers to translators
msgid "withDescription"
msgstr "Message with description"

#, obsolete
msgid "obsolete"
msgstr "Obsolete message"

msgid "veryLongString"
msgstr "One morning, when Gregor Samsa woke from troubled dreams, he found himself transformed in his bed into a horrible vermin. He lay on his armour-like back, and if he lifted his head a little he could see his brown belly, slightly domed and divided by arches into stiff sections. The bedding was hardly able to cover it and seemed ready to slide off any moment. His many legs, pitifully thin compared with the size of the rest of him, waved about helplessly as he looked. \\"What's happened to me?\\" he thought. It wasn't a dream. His room, a proper human"

`;
