// Jest Snapshot v1, https://goo.gl/fbAQLP

exports[`snowpack-loader should return compiled catalog 1`] = `/*eslint-disable*/module.exports={messages:{"Hello World":"Hello World","My name is {name}":["My name is ",["name"]]}};`;

exports[`snowpack-loader should return error if import doesn't contain extension 1`] = `@lingui/snowpack-loader: File extension is mandatory, for ex: import('./locales/en/messages.po')`;

exports[`snowpack-loader to match snapshot 1`] = `
Object {
  load: [Function],
  name: @lingui/snowpack-loader,
  resolve: Object {
    input: Array [
      .po,
    ],
    output: Array [
      .js,
    ],
  },
}
`;
